[0m                         ..........                          [34m:[0m
                    .mmm"$$$%::..  ```-------.             [34m..:[0m [36md$$b d$$b d$$b[0m
                   d$$$$$$%::..               `".___        [34m.:[36m $  " $  $ $b "[0m
                 Q$$$$%::..                       ___\   __ [34m.:[0m [36m$ mm $$$$ `$$b[0m
                d$$$$%::..                  |""..'.   `\/.|[34m..:[0m [36mQ  $ $  $ m `$[0m
               d$$$%:::...                  |$".        " <[34m .: [36mQ$$P $  $ `$$'[0m
              d$$%::..                      }$%:.         | [34m:[0m
             d$$%:::..                     }%:.  q    p  .'[34m.:[36m $[0m   [36m$ $   $ $ $$$[0m
            d$$%::..                        }::.    .   }  [34m.:[36m $[0m   [36m$ $$ $$ $  $[0m
           d$$%::..                           `-.  00 ."| [34m...[0m [36m$[0m   [36m$ $ $ $ $  $[0m
    [34m.     [0m/$$%::..    /\..'""...  >$%:.      /   `\--/  |  [34m.:[0m [36m$$$ $ $   $ $  $[0m
   [34m.     [0md$$%::..   ./   \      \ >$%:.     | (         `.  [34m:.....[0m
[34m .       [0m|$$%::..  .|     |      >$%:.     /' (          |    [34m..::[0m [36m$[0m  [36m$ $$$b[0m
     [34m.[0m  .d$%%:.  ./       |      >$%:.   |'    (%:.       \ [34m. .:::[0m [36m$  $ $  $[0m
  [34m[]    [0md$%:.. ./'        `.     >[36mNi[0m%:.  |       \.%:.     |    [34m.:[0m [36m$[0m  [36m$ $$$P[0m
    [34m[][0m {$$%. .'        .--_|      >[36mM[0m%::. |         \$$%:.  `. [34m. .:[0m [36m$[0m  [36m$ $[0m
[36m __...[0m d$%:. \    [36m__   [0m|   `.     >[36mB[0m$%:. | [36m___-   /" [0m\'{$%:.|    [34m:[0m [36mQ$$P $[0m
[36m \    \__.[0m""==="'[36m/  ""/[0m|""_||     >[36mU[0m%:.  | [36m\   \  [34m|"[36m""/[0m$%:. |  [34m..:.............[0m
[36m [34m|[36m`[0m.[36m-"[34m/[36m\  \[0m"   [36m`\[34m""-[36m-/.+--"|\[0m``"""">[36mS[0m$%%:.[36m`--[0m.[36m__-\[34m|[0m   `\'.  |                 [34m.[0m
  [34m\|-<  [36m`\.[34m'[36m---"[34m"|-__|[36m|   .'[0m [34m`.[36m--_[34m [0m[]""""[34m?"""[36m/[0m   [34m/"""\"[0m"\'  /       [34m[][0m    [34m.[0m
 [36m.  [34m[]`./'[0m [34m|[0m     [34m|[0m  [34m| [36m+---[34m\   /-[36m-"[34m|[0m  [36m.-__ [34m`\/_---   beat[0m """  [34m[][0m  [34m.[0m
 [36m.-_ [34m.[][36m_--`--[34m"="--""| \___`./[0m [34m|__|[0m [36m/   /[34m|[0m     [34m\   [36m/"-[34m-scribe[][0m       [34m.[0m  [34m[][0m
 [36m|  |\[0m  [36m|--_--|[0m  [34m\_--'\___\  [] .   [36m|[34m--[36m'[34m |[0m [34m[]  .[36m /`[0m [36m./[34m -/"\[0m      [34m.[0m           [34m.[0m
 [36m`-_][0m [34m|[0m [34m|  | /[0m [34m[] .  .[0m  [34m[]   .  [][0m  [34m|__|/[0m    [34m.  [36m<-./[34m     /"   []      .[0m
    [34m\/   \ |/[0m    [34m. []                     .      \.`\  /'[0m
